
  [39;41;1m FAIL [39;49;22m[39m Tests\Feature\Api\MemberRouteAccessTest[39m
  [32;1m✓[39;22m[90m [39m[90mguests can not access member api routes[39m[90m                             [39m [90m0.20s[39m  
  [31;1m⨯[39;22m[90m [39m[90mmembers can access member api routes[39m[90m                                [39m [90m0.03s[39m  
  [31m────────────────────────────────────────────────────────────────────────────[39m  
  [41;1m FAILED [49;22m [1mTests\Feature\Api\MemberRouteAccessTest[22m [90m>[39m members can access memb…   
[39;1m  Expected response status code [>=200, <300] but received 500.
Failed asserting that false is true.

The following exception occurred during the last request:

ParseError: Unclosed '{' on line 11 in /home/vortex/Desktop/Projects/bourgo-arena/app/Services/Members/MemberService.php:37
Stack trace:
#0 /home/vortex/Desktop/Projects/bourgo-arena/vendor/composer/ClassLoader.php(427): Composer\Autoload\{closure}()
#1 [internal function]: Composer\Autoload\ClassLoader->loadClass()
#2 /home/vortex/Desktop/Projects/bourgo-arena/vendor/laravel/framework/src/Illuminate/Container/Container.php(1003): ReflectionClass->__construct()
#3 /home/vortex/Desktop/Projects/bourgo-arena/vendor/laravel/framework/src/Illuminate/Container/Container.php(989): Illuminate\Container\Container->getConcreteBindingFromAttributes()
#4 /home/vortex/Desktop/Projects/bourgo-arena/vendor/laravel/framework/src/Illuminate/Container/Container.php(929): Illuminate\Container\Container->getConcrete()
#5 /home/vortex/Desktop/Projects/bourgo-arena/vendor/laravel/framework/src/Illuminate/Foundation/Application.php(1078): Illuminate\Container\Container->resolve()
#6 /home/vortex/Desktop/Projects/bourgo-arena/vendor/laravel/framework/src/Illuminate/Container/Container.php(864): Illuminate\Foundation\Application->resolve()
#7 /home/vortex/Desktop/Projects/bourgo-arena/vendor/laravel/framework/src/Illuminate/Foundation/Application.php(1058): Illuminate\Container\Container->make()
#8 /home/vortex/Desktop/Projects/bourgo-arena/vendor/laravel/framework/src/Illuminate/Container/Container.php(1339): Illuminate\Foundation\Application->make()
#9 /home/vortex/Desktop/Projects/bourgo-arena/vendor/laravel/framework/src/Illuminate/Container/Container.php(1240): Illuminate\Container\Container->resolveClass()
#10 /home/vortex/Desktop/Projects/bourgo-arena/vendor/laravel/framework/src/Illuminate/Container/Container.php(1165): Illuminate\Container\Container->resolveDependencies()
#11 /home/vortex/Desktop/Projects/bourgo-arena/vendor/laravel/framework/src/Illuminate/Container/Container.php(936): Illuminate\Container\Container->build()
#12 /home/vortex/Desktop/Projects/bourgo-arena/vendor/laravel/framework/src/Illuminate/Foundation/Application.php(1078): Illuminate\Container\Container->resolve()
#13 /home/vortex/Desktop/Projects/bourgo-arena/vendor/laravel/framework/src/Illuminate/Container/Container.php(864): Illuminate\Foundation\Application->resolve()
#14 /home/vortex/Desktop/Projects/bourgo-arena/vendor/laravel/framework/src/Illuminate/Foundation/Application.php(1058): Illuminate\Container\Container->make()
#15 /home/vortex/Desktop/Projects/bourgo-arena/vendor/laravel/framework/src/Illuminate/Routing/Route.php(290): Illuminate\Foundation\Application->make()
#16 /home/vortex/Desktop/Projects/bourgo-arena/vendor/laravel/framework/src/Illuminate/Routing/Route.php(270): Illuminate\Routing\Route->getController()
#17 /home/vortex/Desktop/Projects/bourgo-arena/vendor/laravel/framework/src/Illuminate/Routing/Route.php(215): Illuminate\Routing\Route->runController()
#18 /home/vortex/Desktop/Projects/bourgo-arena/vendor/laravel/framework/src/Illuminate/Routing/Router.php(822): Illuminate\Routing\Route->run()
#19 /home/vortex/Desktop/Projects/bourgo-arena/vendor/laravel/framework/src/Illuminate/Pipeline/Pipeline.php(180): Illuminate\Routing\Router->Illuminate\Routing\{closure}()
#20 /home/vortex/Desktop/Projects/bourgo-arena/app/Http/Middleware/EnsureOnboardingIsCompleted.php(29): Illuminate\Pipeline\Pipeline->Illuminate\Pipeline\{closure}()
#21 /home/vortex/Desktop/Projects/bourgo-arena/vendor/laravel/framework/src/Illuminate/Pipeline/Pipeline.php(219): App\Http\Middleware\EnsureOnboardingIsCompleted->handle()
#22 /home/vortex/Desktop/Projects/bourgo-arena/app/Http/Middleware/EnsureAccountIsVerified.php(36): Illuminate\Pipeline\Pipeline->Illuminate\Pipeline\{closure}()
#23 /home/vortex/Desktop/Projects/bourgo-arena/vendor/laravel/framework/src/Illuminate/Pipeline/Pipeline.php(219): App\Http\Middleware\EnsureAccountIsVerified->handle()
#24 /home/vortex/Desktop/Projects/bourgo-arena/app/Http/Middleware/SetLocale.php(35): Illuminate\Pipeline\Pipeline->Illuminate\Pipeline\{closure}()
#25 /home/vortex/Desktop/Projects/bourgo-arena/vendor/laravel/framework/src/Illuminate/Pipeline/Pipeline.php(219): App\Http\Middleware\SetLocale->handle()
#26 /home/vortex/Desktop/Projects/bourgo-arena/app/Http/Middleware/ForceJsonResponse.php(20): Illuminate\Pipeline\Pipeline->Illuminate\Pipeline\{closure}()
#27 /home/vortex/Desktop/Projects/bourgo-arena/vendor/laravel/framework/src/Illuminate/Pipeline/Pipeline.php(219): App\Http\Middleware\ForceJsonResponse->handle()
#28 /home/vortex/Desktop/Projects/bourgo-arena/vendor/laravel/framework/src/Illuminate/Routing/Middleware/SubstituteBindings.php(52): Illuminate\Pipeline\Pipeline->Illuminate\Pipeline\{closure}()
#29 /home/vortex/Desktop/Projects/bourgo-arena/vendor/laravel/framework/src/Illuminate/Pipeline/Pipeline.php(219): Illuminate\Routing\Middleware\SubstituteBindings->handle()
#30 /home/vortex/Desktop/Projects/bourgo-arena/vendor/laravel/framework/src/Illuminate/Auth/Middleware/Authenticate.php(63): Illuminate\Pipeline\Pipeline->Illuminate\Pipeline\{closure}()
#31 /home/vortex/Desktop/Projects/bourgo-arena/vendor/laravel/framework/src/Illuminate/Pipeline/Pipeline.php(219): Illuminate\Auth\Middleware\Authenticate->handle()
#32 /home/vortex/Desktop/Projects/bourgo-arena/vendor/laravel/framework/src/Illuminate/Pipeline/Pipeline.php(137): Illuminate\Pipeline\Pipeline->Illuminate\Pipeline\{closure}()
#33 /home/vortex/Desktop/Projects/bourgo-arena/vendor/laravel/framework/src/Illuminate/Routing/Router.php(821): Illuminate\Pipeline\Pipeline->then()
#34 /home/vortex/Desktop/Projects/bourgo-arena/vendor/laravel/framework/src/Illuminate/Routing/Router.php(800): Illuminate\Routing\Router->runRouteWithinStack()
#35 /home/vortex/Desktop/Projects/bourgo-arena/vendor/laravel/framework/src/Illuminate/Routing/Router.php(764): Illuminate\Routing\Router->runRoute()
#36 /home/vortex/Desktop/Projects/bourgo-arena/vendor/laravel/framework/src/Illuminate/Routing/Router.php(753): Illuminate\Routing\Router->dispatchToRoute()
#37 /home/vortex/Desktop/Projects/bourgo-arena/vendor/laravel/framework/src/Illuminate/Foundation/Http/Kernel.php(200): Illuminate\Routing\Router->dispatch()
#38 /home/vortex/Desktop/Projects/bourgo-arena/vendor/laravel/framework/src/Illuminate/Pipeline/Pipeline.php(180): Illuminate\Foundation\Http\Kernel->Illuminate\Foundation\Http\{closure}()
#39 /home/vortex/Desktop/Projects/bourgo-arena/vendor/livewire/livewire/src/Features/SupportDisablingBackButtonCache/DisableBackButtonCacheMiddleware.php(19): Illuminate\Pipeline\Pipeline->Illuminate\Pipeline\{closure}()
#40 /home/vortex/Desktop/Projects/bourgo-arena/vendor/laravel/framework/src/Illuminate/Pipeline/Pipeline.php(219): Livewire\Features\SupportDisablingBackButtonCache\DisableBackButtonCacheMiddleware->handle()
#41 /home/vortex/Desktop/Projects/bourgo-arena/vendor/laravel/framework/src/Illuminate/Foundation/Http/Middleware/TransformsRequest.php(21): Illuminate\Pipeline\Pipeline->Illuminate\Pipeline\{closure}()
#42 /home/vortex/Desktop/Projects/bourgo-arena/vendor/laravel/framework/src/Illuminate/Foundation/Http/Middleware/ConvertEmptyStringsToNull.php(31): Illuminate\Foundation\Http\Middleware\TransformsRequest->handle()
#43 /home/vortex/Desktop/Projects/bourgo-arena/vendor/laravel/framework/src/Illuminate/Pipeline/Pipeline.php(219): Illuminate\Foundation\Http\Middleware\ConvertEmptyStringsToNull->handle()
#44 /home/vortex/Desktop/Projects/bourgo-arena/vendor/laravel/framework/src/Illuminate/Foundation/Http/Middleware/TransformsRequest.php(21): Illuminate\Pipeline\Pipeline->Illuminate\Pipeline\{closure}()
#45 /home/vortex/Desktop/Projects/bourgo-arena/vendor/laravel/framework/src/Illuminate/Foundation/Http/Middleware/TrimStrings.php(51): Illuminate\Foundation\Http\Middleware\TransformsRequest->handle()
#46 /home/vortex/Desktop/Projects/bourgo-arena/vendor/laravel/framework/src/Illuminate/Pipeline/Pipeline.php(219): Illuminate\Foundation\Http\Middleware\TrimStrings->handle()
#47 /home/vortex/Desktop/Projects/bourgo-arena/vendor/laravel/framework/src/Illuminate/Http/Middleware/ValidatePostSize.php(27): Illuminate\Pipeline\Pipeline->Illuminate\Pipeline\{closure}()
#48 /home/vortex/Desktop/Projects/bourgo-arena/vendor/laravel/framework/src/Illuminate/Pipeline/Pipeline.php(219): Illuminate\Http\Middleware\ValidatePostSize->handle()
#49 /home/vortex/Desktop/Projects/bourgo-arena/vendor/laravel/framework/src/Illuminate/Foundation/Http/Middleware/PreventRequestsDuringMaintenance.php(109): Illuminate\Pipeline\Pipeline->Illuminate\Pipeline\{closure}()
#50 /home/vortex/Desktop/Projects/bourgo-arena/vendor/laravel/framework/src/Illuminate/Pipeline/Pipeline.php(219): Illuminate\Foundation\Http\Middleware\PreventRequestsDuringMaintenance->handle()
#51 /home/vortex/Desktop/Projects/bourgo-arena/vendor/laravel/framework/src/Illuminate/Http/Middleware/HandleCors.php(74): Illuminate\Pipeline\Pipeline->Illuminate\Pipeline\{closure}()
#52 /home/vortex/Desktop/Projects/bourgo-arena/vendor/laravel/framework/src/Illuminate/Pipeline/Pipeline.php(219): Illuminate\Http\Middleware\HandleCors->handle()
#53 /home/vortex/Desktop/Projects/bourgo-arena/vendor/laravel/framework/src/Illuminate/Http/Middleware/TrustProxies.php(58): Illuminate\Pipeline\Pipeline->Illuminate\Pipeline\{closure}()
#54 /home/vortex/Desktop/Projects/bourgo-arena/vendor/laravel/framework/src/Illuminate/Pipeline/Pipeline.php(219): Illuminate\Http\Middleware\TrustProxies->handle()
#55 /home/vortex/Desktop/Projects/bourgo-arena/vendor/laravel/framework/src/Illuminate/Foundation/Http/Middleware/InvokeDeferredCallbacks.php(22): Illuminate\Pipeline\Pipeline->Illuminate\Pipeline\{closure}()
#56 /home/vortex/Desktop/Projects/bourgo-arena/vendor/laravel/framework/src/Illuminate/Pipeline/Pipeline.php(219): Illuminate\Foundation\Http\Middleware\InvokeDeferredCallbacks->handle()
#57 /home/vortex/Desktop/Projects/bourgo-arena/vendor/laravel/framework/src/Illuminate/Http/Middleware/ValidatePathEncoding.php(28): Illuminate\Pipeline\Pipeline->Illuminate\Pipeline\{closure}()
#58 /home/vortex/Desktop/Projects/bourgo-arena/vendor/laravel/framework/src/Illuminate/Pipeline/Pipeline.php(219): Illuminate\Http\Middleware\ValidatePathEncoding->handle()
#59 /home/vortex/Desktop/Projects/bourgo-arena/vendor/laravel/framework/src/Illuminate/Pipeline/Pipeline.php(137): Illuminate\Pipeline\Pipeline->Illuminate\Pipeline\{closure}()
#60 /home/vortex/Desktop/Projects/bourgo-arena/vendor/laravel/framework/src/Illuminate/Foundation/Http/Kernel.php(175): Illuminate\Pipeline\Pipeline->then()
#61 /home/vortex/Desktop/Projects/bourgo-arena/vendor/laravel/framework/src/Illuminate/Foundation/Http/Kernel.php(144): Illuminate\Foundation\Http\Kernel->sendRequestThroughRouter()
#62 /home/vortex/Desktop/Projects/bourgo-arena/vendor/laravel/framework/src/Illuminate/Foundation/Testing/Concerns/MakesHttpRequests.php(607): Illuminate\Foundation\Http\Kernel->handle()
#63 /home/vortex/Desktop/Projects/bourgo-arena/vendor/laravel/framework/src/Illuminate/Foundation/Testing/Concerns/MakesHttpRequests.php(573): Illuminate\Foundation\Testing\TestCase->call()
#64 /home/vortex/Desktop/Projects/bourgo-arena/vendor/laravel/framework/src/Illuminate/Foundation/Testing/Concerns/MakesHttpRequests.php(381): Illuminate\Foundation\Testing\TestCase->json()
#65 /home/vortex/Desktop/Projects/bourgo-arena/tests/Feature/Api/MemberRouteAccessTest.php(16): Illuminate\Foundation\Testing\TestCase->getJson()
#66 /home/vortex/Desktop/Projects/bourgo-arena/vendor/pestphp/pest/src/Factories/TestCaseMethodFactory.php(177): P\Tests\Feature\Api\MemberRouteAccessTest->{closure}()
#67 [internal function]: P\Tests\Feature\Api\MemberRouteAccessTest->Pest\Factories\{closure}()
#68 /home/vortex/Desktop/Projects/bourgo-arena/vendor/pestphp/pest/src/Concerns/Testable.php(509): call_user_func_array()
#69 /home/vortex/Desktop/Projects/bourgo-arena/vendor/pestphp/pest/src/Support/ExceptionTrace.php(26): P\Tests\Feature\Api\MemberRouteAccessTest->Pest\Concerns\{closure}()
#70 /home/vortex/Desktop/Projects/bourgo-arena/vendor/pestphp/pest/src/Concerns/Testable.php(509): Pest\Support\ExceptionTrace::ensure()
#71 /home/vortex/Desktop/Projects/bourgo-arena/vendor/pestphp/pest/src/Concerns/Testable.php(336): P\Tests\Feature\Api\MemberRouteAccessTest->__callClosure()
#72 /home/vortex/Desktop/Projects/bourgo-arena/vendor/pestphp/pest/src/Factories/TestCaseFactory.php(175) : eval()'d code(26): P\Tests\Feature\Api\MemberRouteAccessTest->__runTest()
#73 /home/vortex/Desktop/Projects/bourgo-arena/vendor/phpunit/phpunit/src/Framework/TestCase.php(1335): P\Tests\Feature\Api\MemberRouteAccessTest->__pest_evaluable_members_can_access_member_api_routes()
#74 /home/vortex/Desktop/Projects/bourgo-arena/vendor/phpunit/phpunit/src/Framework/TestCase.php(519): PHPUnit\Framework\TestCase->runTest()
#75 /home/vortex/Desktop/Projects/bourgo-arena/vendor/phpunit/phpunit/src/Framework/TestRunner/TestRunner.php(99): PHPUnit\Framework\TestCase->runBare()
#76 /home/vortex/Desktop/Projects/bourgo-arena/vendor/phpunit/phpunit/src/Framework/TestCase.php(359): PHPUnit\Framework\TestRunner->run()
#77 /home/vortex/Desktop/Projects/bourgo-arena/vendor/phpunit/phpunit/src/Framework/TestSuite.php(374): PHPUnit\Framework\TestCase->run()
#78 /home/vortex/Desktop/Projects/bourgo-arena/vendor/phpunit/phpunit/src/Framework/TestSuite.php(374): PHPUnit\Framework\TestSuite->run()
#79 /home/vortex/Desktop/Projects/bourgo-arena/vendor/phpunit/phpunit/src/Framework/TestSuite.php(374): PHPUnit\Framework\TestSuite->run()
#80 /home/vortex/Desktop/Projects/bourgo-arena/vendor/phpunit/phpunit/src/TextUI/TestRunner.php(64): PHPUnit\Framework\TestSuite->run()
#81 /home/vortex/Desktop/Projects/bourgo-arena/vendor/phpunit/phpunit/src/TextUI/Application.php(229): PHPUnit\TextUI\TestRunner->run()
#82 /home/vortex/Desktop/Projects/bourgo-arena/vendor/pestphp/pest/src/Kernel.php(103): PHPUnit\TextUI\Application->run()
#83 /home/vortex/Desktop/Projects/bourgo-arena/vendor/pestphp/pest/bin/pest(195): Pest\Kernel->handle()
#84 /home/vortex/Desktop/Projects/bourgo-arena/vendor/pestphp/pest/bin/pest(203): {closure}()
#85 {main}

----------------------------------------------------------------------------------

Unclosed '{' on line 11[39;22m

  at [32mtests/Feature/Api/MemberRouteAccessTest.php[39m:[32m18[39m
     14▕     $this->actingAs($member, 'sanctum');
     15▕ 
     16▕     $response = $this->getJson('/api/v1/member/profile');
     17▕ 
  ➜  18▕     $response->assertSuccessful()
     19▕         ->assertJsonPath('data.id', (string) $member->id);
     20▕ });
     21▕ 
     22▕ test('admins are forbidden from member api routes', function () {


  [90mTests:[39m    [31;1m1 failed[39;22m[90m,[39m[39m [39m[32;1m1 passed[39;22m[90m (2 assertions)[39m
  [90mDuration:[39m [39m0.32s[39m

